
Memory Configuration

Name             Origin             Length             Attributes
flash            0x08000000         0x00020000         xr
sram             0x20000000         0x0001e000         xrw
*default*        0x00000000         0xffffffff

Linker script and memory map


.text           0x08000000      0x13f
 *(.vectors*)
 .vectors       0x08000000       0x1c startup.o
                0x08000000                vectors
 *(.text*)
 .text          0x0800001c       0x8c main.o
                0x0800001c                main
 .text          0x080000a8       0x94 startup.o
                0x080000a8                H_Fault_Handler
                0x080000a8                MM_Fault_Handler
                0x080000a8                Usage_Fault_Handler
                0x080000a8                Bus_Fault
                0x080000a8                Default_Handler
                0x080000a8                NMI_Handler
                0x080000b4                Reset_Handler
 *(.rodata)
 .rodata        0x0800013c        0x3 main.o
                0x0800013c                const_vriables
                0x0800013f                _E_text = .

.glue_7         0x08000140        0x0
 .glue_7        0x08000140        0x0 linker stubs

.glue_7t        0x08000140        0x0
 .glue_7t       0x08000140        0x0 linker stubs

.vfp11_veneer   0x08000140        0x0
 .vfp11_veneer  0x08000140        0x0 linker stubs

.v4_bx          0x08000140        0x0
 .v4_bx         0x08000140        0x0 linker stubs

.iplt           0x08000140        0x0
 .iplt          0x08000140        0x0 main.o

.rel.dyn        0x08000140        0x0
 .rel.iplt      0x08000140        0x0 main.o

.data           0x20000000        0x8 load address 0x0800013f
                0x20000000                _S_data = .
 *(.data)
 .data          0x20000000        0x7 main.o
                0x20000000                R_ODR
                0x20000004                g_variables
 .data          0x20000007        0x0 startup.o
                0x20000008                . = ALIGN (0x4)
 *fill*         0x20000007        0x1 
                0x20000008                _E_data = .

.igot.plt       0x20000008        0x0 load address 0x08000147
 .igot.plt      0x20000008        0x0 main.o

.bss            0x20000008     0x1000 load address 0x08000147
                0x20000008                _S_bss = .
 *(.bss)
 .bss           0x20000008        0x0 main.o
 .bss           0x20000008        0x0 startup.o
                0x20000008                . = ALIGN (0x4)
                0x20000008                _E_bss = .
                0x20000008                . = ALIGN (0x4)
                0x20001008                . = (. + 0x1000)
 *fill*         0x20000008     0x1000 
                0x20001008                _stack_top = .
LOAD main.o
LOAD startup.o
OUTPUT(learn-in-depth-cortex-m3.elf elf32-littlearm)

.debug_info     0x00000000      0xc45
 .debug_info    0x00000000      0xab5 main.o
 .debug_info    0x00000ab5      0x190 startup.o

.debug_abbrev   0x00000000      0x2be
 .debug_abbrev  0x00000000      0x1e8 main.o
 .debug_abbrev  0x000001e8       0xd6 startup.o

.debug_loc      0x00000000       0xb4
 .debug_loc     0x00000000       0x38 main.o
 .debug_loc     0x00000038       0x7c startup.o

.debug_aranges  0x00000000       0x40
 .debug_aranges
                0x00000000       0x20 main.o
 .debug_aranges
                0x00000020       0x20 startup.o

.debug_line     0x00000000      0x35a
 .debug_line    0x00000000      0x21c main.o
 .debug_line    0x0000021c      0x13e startup.o

.debug_str      0x00000000      0x586
 .debug_str     0x00000000      0x502 main.o
                                0x56f (size before relaxing)
 .debug_str     0x00000502       0x84 startup.o
                                0x1a3 (size before relaxing)

.comment        0x00000000       0x7e
 .comment       0x00000000       0x7e main.o
                                 0x7f (size before relaxing)
 .comment       0x0000007e       0x7f startup.o

.ARM.attributes
                0x00000000       0x33
 .ARM.attributes
                0x00000000       0x33 main.o
 .ARM.attributes
                0x00000033       0x33 startup.o

.debug_frame    0x00000000       0x80
 .debug_frame   0x00000000       0x30 main.o
 .debug_frame   0x00000030       0x50 startup.o
