
Memory Configuration

Name             Origin             Length             Attributes
flash            0x00000000         0x20000000         xr
sram             0x20000000         0x20000000         xrw
*default*        0x00000000         0xffffffff

Linker script and memory map


.text           0x00000000      0x130
 *(.vectors*)
 .vectors       0x00000000       0x10 startup.o
                0x00000000                v_p_vectors
 *(.text*)
 .text          0x00000010       0x8c main.o
                0x00000010                main
 .text          0x0000009c       0x94 startup.o
                0x0000009c                H_Fault_Handler
                0x0000009c                Default_Handler
                0x0000009c                NMI_Handler
                0x000000a8                Reset_Handler
 *(.rodata)
                0x00000130                _E_text = .

.glue_7         0x00000130        0x0
 .glue_7        0x00000130        0x0 linker stubs

.glue_7t        0x00000130        0x0
 .glue_7t       0x00000130        0x0 linker stubs

.vfp11_veneer   0x00000130        0x0
 .vfp11_veneer  0x00000130        0x0 linker stubs

.v4_bx          0x00000130        0x0
 .v4_bx         0x00000130        0x0 linker stubs

.iplt           0x00000130        0x0
 .iplt          0x00000130        0x0 main.o

.rel.dyn        0x00000130        0x0
 .rel.iplt      0x00000130        0x0 main.o

.data           0x20000000        0x0 load address 0x00000130
                0x20000000                _S_data = .
 *(.data)
 .data          0x20000000        0x0 main.o
 .data          0x20000000        0x0 startup.o
                0x20000000                . = ALIGN (0x4)
                0x20000000                _E_data = .

.igot.plt       0x20000000        0x0 load address 0x00000130
 .igot.plt      0x20000000        0x0 main.o

.bss            0x20000000      0x400 load address 0x00000130
                0x20000000                _S_bss = .
 *(.bss)
 .bss           0x20000000        0x0 main.o
 .bss           0x20000000      0x400 startup.o
                0x20000400                . = ALIGN (0x4)
                0x20000400                _E_bss = .
LOAD main.o
LOAD startup.o
OUTPUT(Unit3_lab4_cortex-m4.elf elf32-littlearm)

.debug_info     0x00000000      0x20a
 .debug_info    0x00000000       0x65 main.o
 .debug_info    0x00000065      0x1a5 startup.o

.debug_abbrev   0x00000000      0x136
 .debug_abbrev  0x00000000       0x5a main.o
 .debug_abbrev  0x0000005a       0xdc startup.o

.debug_loc      0x00000000       0xb4
 .debug_loc     0x00000000       0x38 main.o
 .debug_loc     0x00000038       0x7c startup.o

.debug_aranges  0x00000000       0x40
 .debug_aranges
                0x00000000       0x20 main.o
 .debug_aranges
                0x00000020       0x20 startup.o

.debug_line     0x00000000       0xcc
 .debug_line    0x00000000       0x63 main.o
 .debug_line    0x00000063       0x69 startup.o

.debug_str      0x00000000      0x176
 .debug_str     0x00000000       0x9f main.o
                                 0xac (size before relaxing)
 .debug_str     0x0000009f       0xd7 startup.o
                                0x192 (size before relaxing)

.comment        0x00000000       0x7e
 .comment       0x00000000       0x7e main.o
                                 0x7f (size before relaxing)
 .comment       0x0000007e       0x7f startup.o

.ARM.attributes
                0x00000000       0x33
 .ARM.attributes
                0x00000000       0x33 main.o
 .ARM.attributes
                0x00000033       0x33 startup.o

.debug_frame    0x00000000       0x7c
 .debug_frame   0x00000000       0x2c main.o
 .debug_frame   0x0000002c       0x50 startup.o
